=== catch-wrong-target: build_frames=2600, max_frames=80, area_only=False ===
trials=498 hits=497 events=48
  wrong_target_aim phase=0 frame=6 aim=29 bullet=(404,189) v=(11, -6) nearest=0(d=17) insert=0 insert_delta=0 aim_delta=29 remote=[]
    bbox=[(0, 415, 183)]  slots=221233031021023100123301001231023100
  wrong_target_aim phase=0 frame=7 aim=30 bullet=(399,167) v=(9, -8) nearest=1(d=11) insert=0 insert_delta=1 aim_delta=30 remote=[]
    bbox=[(1, 399, 156)]  slots=221233031021023100123301001231023100
  wrong_target_aim phase=0 frame=8 aim=31 bullet=(390,141) v=(7, -10) nearest=2(d=20) insert=2 insert_delta=0 aim_delta=29 remote=[]
    bbox=[(2, 376, 135)]  slots=212233031021023100123301001231023100
  wrong_target_aim phase=0 frame=8 aim=33 bullet=(354,123) v=(3, -12) nearest=3(d=10) insert=2 insert_delta=1 aim_delta=31 remote=[]
    bbox=[(3, 348, 119)]  slots=212233031021023100123301001231023100
  wrong_target_aim phase=0 frame=8 aim=34 bullet=(336,123) v=(1, -12) nearest=3(d=16) insert=4 insert_delta=1 aim_delta=30 remote=[]
    bbox=[(3, 348, 119)]  slots=212323031021023100123301001231023100
  wrong_target_aim phase=4 frame=6 aim=29 bullet=(404,189) v=(11, -6) nearest=0(d=16) insert=0 insert_delta=0 aim_delta=29 remote=[]
    bbox=[(0, 416, 185)]  slots=221233031021023100123301001231023100
  wrong_target_aim phase=4 frame=7 aim=30 bullet=(399,167) v=(9, -8) nearest=1(d=11) insert=0 insert_delta=1 aim_delta=30 remote=[]
    bbox=[(1, 400, 157)]  slots=221233031021023100123301001231023100
  wrong_target_aim phase=4 frame=8 aim=31 bullet=(390,150) v=(7, -9) nearest=1(d=19) insert=2 insert_delta=1 aim_delta=29 remote=[]
    bbox=[(1, 401, 158), (2, 378, 136)]  slots=212233031021023100123301001231023100
  wrong_target_aim phase=4 frame=8 aim=33 bullet=(354,123) v=(3, -12) nearest=3(d=8) insert=2 insert_delta=1 aim_delta=31 remote=[]
    bbox=[(3, 350, 119)]  slots=212233031021023100123301001231023100
  wrong_target_aim phase=4 frame=8 aim=34 bullet=(336,123) v=(1, -12) nearest=3(d=18) insert=4 insert_delta=1 aim_delta=30 remote=[]
    bbox=[(3, 350, 119)]  slots=212323031021023100123301001231023100
  wrong_target_aim phase=8 frame=7 aim=30 bullet=(399,167) v=(9, -8) nearest=1(d=10) insert=0 insert_delta=1 aim_delta=30 remote=[]
    bbox=[(1, 401, 159)]  slots=221233031021023100123301001231023100
  wrong_target_aim phase=8 frame=8 aim=31 bullet=(390,150) v=(7, -9) nearest=1(d=22) insert=2 insert_delta=1 aim_delta=29 remote=[]
    bbox=[(1, 402, 160), (2, 379, 137)]  slots=212233031021023100123301001231023100
  wrong_target_aim phase=8 frame=7 aim=32 bullet=(375,143) v=(6, -11) nearest=2(d=9) insert=2 insert_delta=0 aim_delta=30 remote=[]
    bbox=[(2, 378, 137)]  slots=212233031021023100123301001231023100
  wrong_target_aim phase=8 frame=7 aim=33 bullet=(351,135) v=(3, -12) nearest=3(d=15) insert=2 insert_delta=1 aim_delta=31 remote=[]
    bbox=[(3, 351, 120)]  slots=212233031021023100123301001231023100
  wrong_target_aim phase=8 frame=8 aim=34 bullet=(336,123) v=(1, -12) nearest=3(d=19) insert=4 insert_delta=1 aim_delta=30 remote=[]
    bbox=[(4, 322, 108)]  slots=212323031021023100123301001231023100
  wrong_target_aim phase=12 frame=6 aim=29 bullet=(404,196) v=(11, -5) nearest=0(d=20) insert=0 insert_delta=0 aim_delta=29 remote=[]
    bbox=[(0, 417, 189)]  slots=221233031021023100123301001231023100
  wrong_target_aim phase=12 frame=7 aim=30 bullet=(399,175) v=(9, -7) nearest=1(d=17) insert=0 insert_delta=1 aim_delta=30 remote=[]
    bbox=[(1, 402, 161)]  slots=221233031021023100123301001231023100
  wrong_target_aim phase=12 frame=8 aim=33 bullet=(354,132) v=(3, -11) nearest=3(d=11) insert=2 insert_delta=1 aim_delta=31 remote=[]
    bbox=[(3, 354, 121)]  slots=212233031021023100123301001231023100
  wrong_target_aim phase=12 frame=8 aim=34 bullet=(336,123) v=(1, -12) nearest=3(d=20) insert=4 insert_delta=1 aim_delta=30 remote=[]
    bbox=[(4, 324, 109)]  slots=212323031021023100123301001231023100
  wrong_target_aim phase=16 frame=7 aim=30 bullet=(399,175) v=(9, -7) nearest=1(d=18) insert=0 insert_delta=1 aim_delta=30 remote=[]
    bbox=[(1, 404, 162)]  slots=221233031021023100123301001231023100
  ... 28 more events
found 48 event(s)
