=== catch-wrong-target: build_frames=2600, max_frames=80, area_only=False ===
trials=495 hits=495 events=46
  wrong_target_aim phase=0 frame=7 aim=29 bullet=(407,183) v=(10, -6) nearest=0(d=13) insert=0 insert_delta=0 aim_delta=29 remote=[]
    bbox=[(0, 410, 173)]  slots=221233031021023100123301001231023100
  wrong_target_aim phase=0 frame=7 aim=30 bullet=(399,167) v=(9, -8) nearest=0(d=17) insert=0 insert_delta=0 aim_delta=30 remote=[]
    bbox=[(0, 410, 173)]  slots=221233031021023100123301001231023100
  wrong_target_aim phase=0 frame=7 aim=32 bullet=(367,143) v=(5, -11) nearest=2(d=16) insert=2 insert_delta=0 aim_delta=30 remote=[]
    bbox=[(2, 366, 128)]  slots=212233031021023100123301001231023100
  wrong_target_aim phase=0 frame=7 aim=33 bullet=(351,135) v=(3, -12) nearest=2(d=22) insert=2 insert_delta=0 aim_delta=31 remote=[]
    bbox=[(2, 366, 128)]  slots=212233031021023100123301001231023100
  wrong_target_aim phase=0 frame=8 aim=34 bullet=(327,123) v=(0, -12) nearest=3(d=20) insert=4 insert_delta=1 aim_delta=30 remote=[]
    bbox=[(3, 338, 114)]  slots=212323031021023100123301001231023100
  wrong_target_aim phase=4 frame=6 aim=29 bullet=(397,189) v=(10, -6) nearest=0(d=28) insert=0 insert_delta=0 aim_delta=29 remote=[]
    bbox=[(0, 411, 175)]  slots=221233031021023100123301001231023100
  wrong_target_aim phase=4 frame=7 aim=30 bullet=(399,167) v=(9, -8) nearest=0(d=20) insert=0 insert_delta=0 aim_delta=30 remote=[]
    bbox=[(0, 411, 175)]  slots=221233031021023100123301001231023100
  wrong_target_aim phase=4 frame=7 aim=32 bullet=(367,143) v=(5, -11) nearest=2(d=14) insert=2 insert_delta=0 aim_delta=30 remote=[]
    bbox=[(2, 367, 129)]  slots=212233031021023100123301001231023100
  wrong_target_aim phase=4 frame=8 aim=33 bullet=(354,123) v=(3, -12) nearest=2(d=21) insert=2 insert_delta=0 aim_delta=31 remote=[]
    bbox=[(2, 368, 130), (3, 340, 115)]  slots=212233031021023100123301001231023100
  wrong_target_aim phase=8 frame=6 aim=29 bullet=(397,189) v=(10, -6) nearest=0(d=28) insert=0 insert_delta=0 aim_delta=29 remote=[]
    bbox=[(0, 412, 176)]  slots=221233031021023100123301001231023100
  wrong_target_aim phase=8 frame=7 aim=30 bullet=(399,167) v=(9, -8) nearest=0(d=22) insert=0 insert_delta=0 aim_delta=30 remote=[]
    bbox=[(0, 412, 176)]  slots=221233031021023100123301001231023100
  wrong_target_aim phase=8 frame=7 aim=32 bullet=(367,143) v=(5, -11) nearest=2(d=15) insert=2 insert_delta=0 aim_delta=30 remote=[]
    bbox=[(2, 369, 130)]  slots=212233031021023100123301001231023100
  wrong_target_aim phase=8 frame=8 aim=33 bullet=(354,123) v=(3, -12) nearest=3(d=19) insert=2 insert_delta=1 aim_delta=31 remote=[]
    bbox=[(3, 342, 116)]  slots=212233031021023100123301001231023100
  wrong_target_aim phase=12 frame=7 aim=29 bullet=(407,183) v=(10, -6) nearest=0(d=11) insert=0 insert_delta=0 aim_delta=29 remote=[]
    bbox=[(0, 413, 178)]  slots=221233031021023100123301001231023100
  wrong_target_aim phase=12 frame=7 aim=30 bullet=(399,167) v=(9, -8) nearest=1(d=19) insert=0 insert_delta=1 aim_delta=30 remote=[]
    bbox=[(0, 413, 178), (1, 395, 152)]  slots=221233031021023100123301001231023100
  wrong_target_aim phase=12 frame=7 aim=31 bullet=(383,151) v=(7, -10) nearest=1(d=13) insert=2 insert_delta=1 aim_delta=29 remote=[]
    bbox=[(1, 395, 152)]  slots=212233031021023100123301001231023100
  wrong_target_aim phase=12 frame=7 aim=32 bullet=(367,143) v=(5, -11) nearest=2(d=16) insert=2 insert_delta=0 aim_delta=30 remote=[]
    bbox=[(2, 371, 131)]  slots=212233031021023100123301001231023100
  wrong_target_aim phase=12 frame=8 aim=33 bullet=(354,123) v=(3, -12) nearest=3(d=18) insert=2 insert_delta=1 aim_delta=31 remote=[]
    bbox=[(3, 343, 116)]  slots=212233031021023100123301001231023100
  wrong_target_aim phase=16 frame=6 aim=29 bullet=(404,189) v=(11, -6) nearest=0(d=19) insert=0 insert_delta=0 aim_delta=29 remote=[]
    bbox=[(0, 414, 180)]  slots=221233031021023100123301001231023100
  wrong_target_aim phase=16 frame=7 aim=30 bullet=(399,167) v=(9, -8) nearest=1(d=16) insert=0 insert_delta=1 aim_delta=30 remote=[]
    bbox=[(0, 414, 180), (1, 397, 153)]  slots=221233031021023100123301001231023100
  ... 26 more events
found 46 event(s)
